// Jest Snapshot v1, https://goo.gl/fbAQLP

exports[`anvil-ui-ft-shell/src/components/StyleSheets renders the given stylesheets and critical styles 1`] = `
Array [
  <style
    dangerouslySetInnerHTML={
      Object {
        "__html": "html { margin: 0 } body { font-family: \\"Comic Sans\\" }",
      }
    }
  />,
  <link
    href="path/to/styles.css"
    rel="stylesheet"
  />,
]
`;
