// Jest Snapshot v1, https://goo.gl/fbAQLP

exports[`anvil-ui-ft-header/src/components/StickyHeader renders as a logged in user 1`] = `null`;

exports[`anvil-ui-ft-header/src/components/StickyHeader renders as an anonymous user 1`] = `null`;
