// Jest Snapshot v1, https://goo.gl/fbAQLP

exports[`dotcom-ui-shell/src/components/ResourceHints renders the given paths and URLs as resource hints 1`] = `
Array [
  <link
    href="https://spoor-api.ft.com"
    rel="preconnect"
  />,
  <link
    crossOrigin="use-credentials"
    href="https://session-next.ft.com"
    rel="preconnect"
  />,
  <link
    href="https://ads-api.ft.com"
    rel="preconnect"
  />,
  <link
    href="https://securepubads.g.doubleclick.net"
    rel="preconnect"
  />,
  <link
    as="style"
    href="www.example.com/assets/style.css"
    rel="preload"
    type="text/css"
  />,
  <link
    as="image"
    href="www.example.com/images/graphic.svg#icon"
    rel="preload"
    type={null}
  />,
  <link
    as="script"
    href="http://polyfill.io/v3/bundle.min.js?features=es5,es6"
    rel="preload"
    type={null}
  />,
  <link
    as="style"
    href="/assets/public/style.as83hd99.css"
    rel="preload"
    type="text/css"
  />,
  <link
    as="font"
    crossOrigin="anonymous"
    href="/__origami/service/build/v2/files/o-fonts-assets/FontFace.woff"
    rel="preload"
    type="font/woff"
  />,
]
`;
