// Jest Snapshot v1, https://goo.gl/fbAQLP

exports[`DropdownMenu renders correctly 1`] = `
<body>
  <div>
    <nav
      aria-describedby="dropdown-title"
      class="o-header__professional-dropdown"
    >
      <button
        aria-controls="dropdown-options"
        aria-label="Dropdown menu has opened on focus, press Tab to access links."
        class="o-header__professional-dropdown-button"
        data-trackable="dropdown-toggle"
        tabindex="0"
      >
        <span
          aria-hidden="true"
          class="o-header__professional-dropdown-icon user-icon"
        />
        <span
          aria-hidden="true"
          class="o-header__professional-dropdown-icon chevron-icon"
        />
      </button>
      <div
        class="o-header__professional-dropdown-content"
        data-id="dropdown-content"
        data-o-tracking-view="true"
        id="dropdown-options"
        tabindex="-1"
      >
        <div
          class="o-header__professional-dropdown-title-wrapper"
        >
          <span
            class="o-header__professional-dropdown-title"
            id="dropdown-title"
          >
            Test Title
          </span>
          <button
            aria-label="Close dropdown menu"
            class="o-header__professional-dropdown-icon cross-icon"
            tabindex="0"
          />
        </div>
        <ul
          class="o-header__professional-dropdown-list"
        >
          <li
            class="o-header__professional-dropdown-list-item false"
          >
            <a
              class="o-header__professional-dropdown-list-item-link"
              href="https://workspace.ft.com/"
            >
              <span
                aria-hidden="true"
                class="o-header__professional-dropdown-icon dashboard-icon"
              />
              <span>
                Workspace
              </span>
              <span
                class="o-header__professional-dropdown-list-pro-label"
              >
                FT PROFESSIONAL
              </span>
            </a>
          </li>
          <li
            class="o-header__professional-dropdown-list-item false"
          >
            <a
              class="o-header__professional-dropdown-list-item-link"
              href="https://www.ft.com/myft/following/"
            >
              <span
                aria-hidden="true"
                class="o-header__professional-dropdown-icon newspaper-icon"
              />
              <span>
                Feed
              </span>
            </a>
          </li>
          <li
            class="o-header__professional-dropdown-list-item o-header__professional-dropdown-list-divider"
          >
            <a
              class="o-header__professional-dropdown-list-item-link"
              href="https://professional-monetary-policy-radar.ft.com/"
            >
              <span
                aria-hidden="true"
                class="o-header__professional-dropdown-icon radar-icon"
              />
              <span>
                Monetary Policy Radar
              </span>
              <span
                class="o-header__professional-dropdown-list-pro-label"
              >
                FT PROFESSIONAL
              </span>
            </a>
          </li>
          <li
            class="o-header__professional-dropdown-list-item false"
          >
            <a
              class="o-header__professional-dropdown-list-item-link"
              href="https://www.ft.com/myft/saved-articles/"
            >
              <span
                aria-hidden="true"
                class="o-header__professional-dropdown-icon bookmark-icon"
              />
              <span>
                Saved Articles
              </span>
            </a>
          </li>
          <li
            class="o-header__professional-dropdown-list-item false"
          >
            <a
              class="o-header__professional-dropdown-list-item-link"
              href="https://highlights-dashboard.ft.com/"
            >
              <span
                aria-hidden="true"
                class="o-header__professional-dropdown-icon highlight-icon"
              />
              <span>
                Highlights
              </span>
              <span
                class="o-header__professional-dropdown-list-pro-label"
              >
                FT PROFESSIONAL
              </span>
            </a>
          </li>
          <li
            class="o-header__professional-dropdown-list-item o-header__professional-dropdown-list-divider"
          >
            <a
              class="o-header__professional-dropdown-list-item-link"
              href="https://sharing-dashboard.ft.com/"
            >
              <span
                aria-hidden="true"
                class="o-header__professional-dropdown-icon share-icon"
              />
              <span>
                Advanced Sharing
              </span>
              <span
                class="o-header__professional-dropdown-list-pro-label"
              >
                FT PROFESSIONAL
              </span>
            </a>
          </li>
          <li
            class="o-header__professional-dropdown-list-item false"
          >
            <a
              class="o-header__professional-dropdown-list-item-link"
              href="https://www.ft.com/newsletters"
            >
              <span
                aria-hidden="true"
                class="o-header__professional-dropdown-icon mail-icon"
              />
              <span>
                Newsletters
              </span>
            </a>
          </li>
          <li
            class="o-header__professional-dropdown-list-item false"
          >
            <a
              class="o-header__professional-dropdown-list-item-link"
              href="https://www.ft.com/myaccount/personal-details"
            >
              <span
                aria-hidden="true"
                class="o-header__professional-dropdown-icon settings-icon"
              />
              <span>
                Account Settings
              </span>
            </a>
          </li>
          <li
            class="o-header__professional-dropdown-list-item false"
          >
            <a
              class="o-header__professional-dropdown-list-item-link"
              href="https://www.ft.com/logout"
            >
              <span
                aria-hidden="true"
                class="o-header__professional-dropdown-icon exit-icon"
              />
              <span>
                Sign Out
              </span>
            </a>
          </li>
        </ul>
      </div>
    </nav>
  </div>
</body>
`;
