// Jest Snapshot v1, https://goo.gl/fbAQLP

exports[`dotcom-ui-app-context/src/components/AppContextEmbed renders a script element containing app context properties 1`] = `
<script
  dangerouslySetInnerHTML={
    Object {
      "__html": "{\\"appName\\":\\"app-name\\",\\"appVersion\\":\\"123\\",\\"edition\\":\\"uk\\",\\"product\\":\\"next\\",\\"abTestState\\":\\"someCohort:on\\",\\"isProduction\\":true}",
    }
  }
  id="ft-app-context"
  type="application/json"
/>
`;
